======== TABLES ========
CREATE TABLE grdb_migrations (
  identifier TEXT NOT NULL PRIMARY KEY
)

CREATE TABLE "author" (
  "id" INTEGER PRIMARY KEY AUTOINCREMENT
  "name" TEXT NOT NULL
  "country" TEXT NOT NULL
)

CREATE TABLE sqlite_sequence(
  name
  seq
)

CREATE TABLE "book" (
  "id" INTEGER PRIMARY KEY AUTOINCREMENT
  "title" TEXT NOT NULL
  "authorId" INTEGER NOT NULL REFERENCES "author"("id") ON DELETE CASCADE
  "lastUpdate" DATETIME
)

======== INDEXES ========
CREATE INDEX "book_authorId" ON "book"("authorId")

CREATE INDEX "author_country" ON "author"("country")

======== DATA ========

## grdb_migrations
("exampleMigration")

## author
<NO ROWS>

## sqlite_sequence
<NO ROWS>

## book
<NO ROWS>