======== TABLES ========
CREATE TABLE "author" (
  "id" INTEGER PRIMARY KEY AUTOINCREMENT
  "name" TEXT NOT NULL
  "country" TEXT NOT NULL
  "lastUpdate" DATETIME
)

CREATE TABLE "book" (
  "id" INTEGER PRIMARY KEY AUTOINCREMENT
  "title" TEXT NOT NULL
  "authorId" INTEGER NOT NULL REFERENCES "author"("id") ON DELETE CASCADE
  "lastUpdate" DATETIME
)

======== INDEXES ========
CREATE INDEX "author_country" ON "author"("country")

CREATE INDEX "book_authorId" ON "book"("authorId")

======== DATA ========

## author
<NO ROWS>

## book
<NO ROWS>