======== TABLES ========

CREATE TABLE "table" (
  "primary" TEXT PRIMARY KEY
)

======== DATA ========

## table
("A")
("B")
("C")
("D")