======== TABLES ========
<NO TABLES>
======== DATA ========
<NO DATA>