======== TABLES ========
CREATE TABLE "author" (
  "id" INTEGER PRIMARY KEY AUTOINCREMENT
  "name" TEXT NOT NULL
  "country" TEXT NOT NULL
  "lastUpdate" DATETIME
)

CREATE TABLE "book" (
  "id" INTEGER PRIMARY KEY AUTOINCREMENT
  "title" TEXT NOT NULL
  "authorId" INTEGER NOT NULL REFERENCES "author"("id") ON DELETE CASCADE
  "lastUpdate" DATETIME
)

======== TRIGGERS ========
CREATE TRIGGER author_update
    AFTER UPDATE ON author
    WHEN NEW.lastUpdate = OLD.lastUpdate
    BEGIN
        UPDATE place SET lastUpdate = CURRENT_TIMESTAMP WHERE id = NEW.id;
    END

======== DATA ========

## author
<NO ROWS>

## book
<NO ROWS>