======== TABLES ========
CREATE TABLE "author" (
  "id" INTEGER PRIMARY KEY AUTOINCREMENT
  "name" TEXT NOT NULL
  "country" TEXT NOT NULL
  "lastUpdate" DATETIME
)

CREATE TABLE "book" (
  "id" INTEGER PRIMARY KEY AUTOINCREMENT
  "title" TEXT NOT NULL
  "authorId" INTEGER NOT NULL REFERENCES "author"("id") ON DELETE CASCADE
  "lastUpdate" DATETIME
)

CREATE VIRTUAL TABLE "document" USING fts4(
  content
)

CREATE TABLE 'document_content'(
  docid INTEGER PRIMARY KEY
  'c0content'
)

CREATE TABLE 'document_docsize'(
  docid INTEGER PRIMARY KEY
  size BLOB
)

CREATE TABLE 'document_segdir'(
  level INTEGER
  idx INTEGER
  start_block INTEGER
  leaves_end_block INTEGER
  end_block INTEGER
  root BLOB
  PRIMARY KEY(level
  idx)
)

CREATE TABLE 'document_segments'(
  blockid INTEGER PRIMARY KEY
  block BLOB
)

CREATE TABLE 'document_stat'(
  id INTEGER PRIMARY KEY
  value BLOB
)

======== DATA ========

## author
<NO ROWS>

## book
<NO ROWS>

## document
<NO ROWS>

## document_content
<NO ROWS>

## document_docsize
<NO ROWS>

## document_segdir
<NO ROWS>

## document_segments
<NO ROWS>

## document_stat
<NO ROWS>