======== TABLES ========
CREATE TABLE grdb_migrations (
  identifier TEXT NOT NULL PRIMARY KEY
)

CREATE TABLE "author" (
  "id" INTEGER PRIMARY KEY AUTOINCREMENT
  "name" TEXT NOT NULL
  "country" TEXT NOT NULL
  "lastUpdate" DATETIME
)

CREATE TABLE sqlite_sequence(
  name
  seq
)

CREATE TABLE "book" (
  "id" INTEGER PRIMARY KEY AUTOINCREMENT
  "title" TEXT NOT NULL
  "authorId" INTEGER NOT NULL REFERENCES "author"("id") ON DELETE CASCADE
  "lastUpdate" DATETIME
)

======== VIEWS ========
CREATE VIEW authorsPerCountry
    AS
    SELECT country, COUNT(*) as authorsCount
    FROM author
    GROUP BY country
    ORDER BY authorsCount DESC

======== DATA ========

## grdb_migrations
("AuthorTable")
("BookTable")
("AuthorsPerCountryView")

## author
<NO ROWS>

## sqlite_sequence
<NO ROWS>

## book
<NO ROWS>