======== TABLES ========
CREATE TABLE grdb_migrations (
  identifier TEXT NOT NULL PRIMARY KEY
)

CREATE TABLE "author" (
  "id" INTEGER PRIMARY KEY AUTOINCREMENT
  "name" TEXT NOT NULL
  "country" TEXT NOT NULL
  "lastUpdate" DATETIME
)

CREATE TABLE sqlite_sequence(
  name
  seq
)

======== DATA ========

## grdb_migrations
("AuthorTable")

## author
<NO ROWS>

## sqlite_sequence
<NO ROWS>