======== TABLES ========
CREATE TABLE "author" (
  "id" INTEGER PRIMARY KEY AUTOINCREMENT
  "name" TEXT NOT NULL
  "country" TEXT NOT NULL
  "lastUpdate" DATETIME
)

CREATE TABLE "book" (
  "id" INTEGER PRIMARY KEY AUTOINCREMENT
  "title" TEXT NOT NULL
  "authorId" INTEGER NOT NULL REFERENCES "author"("id") ON DELETE CASCADE
  "lastUpdate" DATETIME
)

CREATE VIRTUAL TABLE "document" USING fts4(
  content
)

CREATE TABLE 'document_content'(
  docid INTEGER PRIMARY KEY
  'c0content'
)

CREATE TABLE 'document_docsize'(
  docid INTEGER PRIMARY KEY
  size BLOB
)

CREATE TABLE 'document_segdir'(
  level INTEGER
  idx INTEGER
  start_block INTEGER
  leaves_end_block INTEGER
  end_block INTEGER
  root BLOB
  PRIMARY KEY(level
  idx)
)

CREATE TABLE 'document_segments'(
  blockid INTEGER PRIMARY KEY
  block BLOB
)

CREATE TABLE 'document_stat'(
  id INTEGER PRIMARY KEY
  value BLOB
)

======== INDEXES ========
CREATE INDEX "author_country" ON "author"("country")

CREATE INDEX "book_authorId" ON "book"("authorId")

======== TRIGGERS ========
CREATE TRIGGER book_update
    AFTER UPDATE ON book
    WHEN NEW.lastUpdate = OLD.lastUpdate
    BEGIN
        UPDATE place SET lastUpdate = CURRENT_TIMESTAMP WHERE id = NEW.id;
    END

======== VIEWS ========
CREATE VIEW authorsPerCountry
    AS
    SELECT country, COUNT(*) as authorsCount
    FROM author
    GROUP BY country
    ORDER BY authorsCount DESC

CREATE VIEW booksPerAuthor
    AS
    SELECT author.name, count(book.id) as booksCount
    FROM author
    LEFT JOIN book ON author.id = book.authorId
    GROUP BY author.name
    ORDER BY booksCount DESC

======== DATA ========

## author
(1, "J.K. Rowling", "UK", NULL)
(2, "J.R.R. Tolkien", "UK", NULL)

## book
(1, "Harry Potter and the Philosopher\'s Stone", 1, NULL)
(2, "Harry Potter and the Chamber of Secrets", 1, NULL)
(3, "Harry Potter and the Prisoner of Azkaban", 1, NULL)
(4, "The Hobbit", 2, NULL)
(5, "The Fellowship of the Ring", 2, NULL)

## document
<NO ROWS>

## document_content
<NO ROWS>

## document_docsize
<NO ROWS>

## document_segdir
<NO ROWS>

## document_segments
<NO ROWS>

## document_stat
<NO ROWS>